<?xml version="1.0"?>
<AnimData>
  <ShadowSize>1</ShadowSize>
  <Anims>
    <Anim>
      <Name>Walk</Name>
      <Index>0</Index>
      <FrameWidth>32</FrameWidth>
      <FrameHeight>48</FrameHeight>
      <Durations>
        <Duration>6</Duration>
        <Duration>1</Duration>
        <Duration>1</Duration>
        <Duration>3</Duration>
        <Duration>4</Duration>
        <Duration>3</Duration>
        <Duration>1</Duration>
        <Duration>1</Duration>
        <Duration>3</Duration>
      </Durations>
    </Anim>
    <Anim>
      <Name>Idle</Name>
      <Index>7</Index>
      <FrameWidth>32</FrameWidth>
      <FrameHeight>48</FrameHeight>
      <Durations>
        <Duration>32</Duration>
        <Duration>8</Duration>
        <Duration>1</Duration>
        <Duration>1</Duration>
        <Duration>3</Duration>
        <Duration>4</Duration>
        <Duration>3</Duration>
        <Duration>1</Duration>
        <Duration>1</Duration>
      </Durations>
    </Anim>
  </Anims>
</AnimData>
